C51 COMPILER V9.60.7.0   MODBUS_RTU                                                        05/19/2025 16:57:42 PAGE 1   


C51 COMPILER V9.60.7.0, COMPILATION OF MODULE MODBUS_RTU
OBJECT MODULE PLACED IN ..\Output\modbus_rtu.obj
COMPILER INVOKED BY: D:\APP\Keil_v5\C51\BIN\C51.EXE ..\Emembed\Src\modbus_rtu.c LARGE OPTIMIZE(8,SPEED) BROWSE INCDIR(..
                    -\BSP\Inc;..\Core\Inc;..\Driver;..\Emembed\Inc;..\SYSTEM\Inc) DEBUG OBJECTEXTEND PRINT(.\Listings\modbus_rtu.lst) OBJECT(
                    -..\Output\modbus_rtu.obj)

line level    source

   1          #include "modbus_rtu.h"
   2          
   3          MODBIS_INFO modbus;
   4          
   5          /**
   6           * @brief       modbus_rtu  无奇偶校验
   7           *
   8           * @param   void
   9           *
  10           * @return  void 
  11          **/
  12          void Modbus_Event( void )
  13          {
  14   1          uint16_t crc,rccrc;
  15   1          
  16   1          /*1.接收完毕                                           */
  17   1          if( rs485.RX4_rev_end_Flag == 1 )
  18   1          {
  19   2      
  20   2              /*2.清空接收完毕标志位                              */    
  21   2              rs485.RX4_rev_end_Flag = 0;
  22   2      
  23   2              /*3.CRC校验                                         */
  24   2              crc = MODBUS_CRC16(rs485.RX4_buf, rs485.RX4_rev_cnt-2);
  25   2              rccrc = (rs485.RX4_buf[rs485.RX4_rev_cnt-1]) | (rs485.RX4_buf[rs485.RX4_rev_cnt-2]<<8);
  26   2      
  27   2              /*4.清空接收计数                                    */
  28   2              rs485.RX4_rev_cnt = 0; 
  29   2      
  30   2              /*5.CRC校验通过，进行地址域校验                      */
  31   2              if( crc == rccrc )
  32   2              {
  33   3                  /*6.地址域校验通过，进入相应功能函数进行处理      */
  34   3                  if( rs485.RX4_buf[0] == ADDR_EB )
  35   3                  {
  36   4                      switch ( rs485.RX4_buf[1] )
  37   4                      {
  38   5                          case 0x03:
  39   5                              Modbus_Fun3();
  40   5                              break;
  41   5      
  42   5                          case 0x04:
  43   5                              Modbus_Fun4();
  44   5                              break;
  45   5      
  46   5                          case 0x06:
  47   5                              Modbus_Fun6();
  48   5                              break;  
  49   5      
  50   5                          case 0x10:  
  51   5                              Modbus_Fun16();
  52   5      
  53   5                          default:
C51 COMPILER V9.60.7.0   MODBUS_RTU                                                        05/19/2025 16:57:42 PAGE 2   

  54   5                              break;
  55   5                      }
  56   4                  }
  57   3              }
  58   2          }
  59   1      }
  60          
  61          
  62          /**
  63           * @brief       读输入寄存器  03
  64           *
  65           * @param   void
  66           *
  67           * @return  void 
  68          **/
  69          void Modbus_Fun3( void )
  70          {
  71   1          uint16_t i;
  72   1      
  73   1          modbus.send_value_addr  = 3;                //DATA1 H 位置
  74   1          modbus.byte_cnt   = (rs485.RX4_buf[4]<<8 | rs485.RX4_buf[5]) *2;
  75   1          modbus.start_addr = rs485.RX4_buf[2]<<8 | rs485.RX4_buf[3];
  76   1      
  77   1          rs485.TX4_buf[0]  = ADDR_EB;                //Addr
  78   1          rs485.TX4_buf[1]  = 0x03;                   //Fun
  79   1          rs485.TX4_buf[2]  = modbus.byte_cnt;        //Byte Count
  80   1      
  81   1          for( i = modbus.start_addr; i < modbus.start_addr + modbus.byte_cnt/2; i++ )
  82   1          {
  83   2              /*    每次循环前初始化byte_info                       */
  84   2              modbus.byte_info_H = modbus.byte_info_L = 0X00;
  85   2              switch (i)
  86   2              {   
  87   3                  /*  40001 风速查询                     */
  88   3                  case 0x00:
  89   3      
  90   3      
  91   3                      break;
  92   3      
  93   3                  /*  40002 LED开关状态查询                     */    
  94   3                  case 0x01:
  95   3      
  96   3                      break;
  97   3      
  98   3                  /*  40003 3路220V开关使能查询                         */
  99   3                  case 0x02:    
 100   3      
 101   3                      break;
 102   3      
 103   3                  /*  40004 同步状态查询              */
 104   3                  case 0x03:    
 105   3      
 106   3      
 107   3                      break;
 108   3      
 109   3                  /*  40005 工作模式查询                     */
 110   3                  case 0x04:   
 111   3      
 112   3                      break;
 113   3      
 114   3                  /*  40006 报警温度查询                     */
 115   3                  case 5:   
C51 COMPILER V9.60.7.0   MODBUS_RTU                                                        05/19/2025 16:57:42 PAGE 3   

 116   3              
 117   3      
 118   3                      break;
 119   3                  default:
 120   3                      break;
 121   3              }
 122   2              rs485.TX4_buf[modbus.send_value_addr++] = modbus.byte_info_H;
 123   2              rs485.TX4_buf[modbus.send_value_addr++] = modbus.byte_info_L;
 124   2          }
 125   1          slave_to_master(0x03,3 + modbus.byte_cnt);
 126   1      }
 127          
 128          
 129          /**
 130           * @brief       读输出寄存器  04
 131           *
 132           * @param   void
 133           *
 134           * @return  void 
 135          **/
 136          void Modbus_Fun4( void )
 137          {
 138   1          uint16_t i;
 139   1      
 140   1          modbus.send_value_addr  = 3;                 //DATA1 H 位置
 141   1          modbus.byte_cnt   = (rs485.RX4_buf[4]<<8 | rs485.RX4_buf[5]) *2;
 142   1          modbus.start_addr = rs485.RX4_buf[2]<<8 | rs485.RX4_buf[3];
 143   1      
 144   1          rs485.TX4_buf[0]  = ADDR_EB;                //Addr
 145   1          rs485.TX4_buf[1]  = 0x04;                   //Fun
 146   1          rs485.TX4_buf[2]  = modbus.byte_cnt;        //Byte Count
 147   1      
 148   1          for( i = modbus.start_addr; i < modbus.start_addr + modbus.byte_cnt/2; i++ )
 149   1          {
 150   2              /*    每次循环前初始化byte_info                       */
 151   2              modbus.byte_info_H = modbus.byte_info_L = 0X00;
 152   2              switch (i)
 153   2              {
 154   3                  /*  30001  1~7通道液位信息                        */
 155   3                  case 0x00:
 156   3                      ink_scan();
 157   3                      modbus.byte_info_H = level.level_info_H;
 158   3                      modbus.byte_info_L = level.level_info_L;
 159   3                      break;
 160   3      
 161   3                  /*  30002                 */
 162   3                  case 0x01:
 163   3                      modbus.byte_info_H = 0x00;
 164   3                      modbus.byte_info_L = 0x00;
 165   3      
 166   3                      break;
 167   3      
 168   3                  /*  30003 温湿度                   */
 169   3                  case 0x02:
 170   3                      modbus.byte_info_H = temp.dht11_humidity;
 171   3                      modbus.byte_info_L = temp.dht11_temp;
 172   3                      break;
 173   3      
 174   3                  /*  30004 NTC1 温度                   */
 175   3                  case 0x03:
 176   3                      modbus.byte_info_H = 0x00;
 177   3                      modbus.byte_info_L = temp.temp_value1;
C51 COMPILER V9.60.7.0   MODBUS_RTU                                                        05/19/2025 16:57:42 PAGE 4   

 178   3                      break;
 179   3      
 180   3                  default:
 181   3                      break;
 182   3              }
 183   2              rs485.TX4_buf[modbus.send_value_addr++] = modbus.byte_info_H;
 184   2              rs485.TX4_buf[modbus.send_value_addr++] = modbus.byte_info_L;
 185   2          }
 186   1          slave_to_master(0x04,3 + modbus.byte_cnt);
 187   1      }
 188          
 189          
 190          /**
 191           * @brief       写单个输出寄存器  06
 192           *
 193           * @param   void
 194           *
 195           * @return  void 
 196          **/
 197          void Modbus_Fun6( void )
 198          {
 199   1          switch (rs485.RX4_buf[3])
 200   1          {
 201   2              /*  40001                        */
 202   2              case 0x00:                  
 203   2      
 204   2                  break;
 205   2      
 206   2              /*  40002                                   */
 207   2              case 0x01:                                         
 208   2      
 209   2      
 210   2                  break;
 211   2      
 212   2              /*  40003                             */
 213   2              case 0x02:                                         
 214   2      
 215   2                  break;  
 216   2                  
 217   2              /*  40004  底板加热                   */
 218   2              case 0x03:   
 219   2                  dc_ctrl.board_alarm_temp = rs485.RX4_buf[4];                                   
 220   2                  dc_ctrl.board_out_allow = rs485.RX4_buf[5];
 221   2      
 222   2                  break;
 223   2      
 224   2              /*  40005  墨囊加热                   */
 225   2              case 0x04:                                         
 226   2                  inksac_ctrl(rs485.RX4_buf[5]);
 227   2      
 228   2                  break;
 229   2      
 230   2              /*  40006  循环控制                  */
 231   2              case 0x05:                  
 232   2                  dc_ctrl.cir_start_time = ((rs485.RX4_buf[5] >> 3) | ((rs485.RX4_buf[4] & 0x01) << 5)) * 100;  
             -   
 233   2                  dc_ctrl.cir_stop_time  = (rs485.RX4_buf[4] >> 1) * 100;  
 234   2                  dc_ctrl.cir_level = rs485.RX4_buf[5]&0x07;           
 235   2                  pwm_ctrl(CIR_CTRL,dc_ctrl.cir_level);
 236   2      
 237   2                  break;
 238   2      
C51 COMPILER V9.60.7.0   MODBUS_RTU                                                        05/19/2025 16:57:42 PAGE 5   

 239   2              /*  40007  搅拌控制                   */
 240   2              case 0x06:  
 241   2                  dc_ctrl.stir_start_time = ((rs485.RX4_buf[5] >> 3) | ((rs485.RX4_buf[4] & 0x01) << 5)) * 100; 
             -    
 242   2                  dc_ctrl.stir_stop_time  = (rs485.RX4_buf[4] >> 1) * 100;   
 243   2                  dc_ctrl.stir_level = rs485.RX4_buf[5]&0x07;  
 244   2                  pwm_ctrl(STIR_CTRL,dc_ctrl.stir_level);
 245   2      
 246   2                  break;
 247   2      
 248   2              /*  40007  缺墨延时时间                   */
 249   2              case 0x07:  
 250   2                  level.level_delay = rs485.RX4_buf[5] * 100;
 251   2      
 252   2                  break;    
 253   2      
 254   2              default:
 255   2                  break;   
 256   2          }
 257   1          slave_to_master(0x06,8);
 258   1      }
 259          
 260          
 261          
 262          /**
 263           * @brief       写多个输出寄存器  16
 264           *
 265           * @param   void
 266           *
 267           * @return  void 
 268          **/
 269          void Modbus_Fun16( void )
 270          {
 271   1          uint16_t i;
 272   1      
 273   1          modbus.rcv_value_addr = 7;                  //DATA1 H位置
 274   1          modbus.byte_cnt   = rs485.RX4_buf[6];
 275   1          modbus.start_addr = rs485.RX4_buf[2]<<8 | rs485.RX4_buf[3];
 276   1      
 277   1          
 278   1          for( i = modbus.start_addr; i < modbus.start_addr + modbus.byte_cnt/2; i++)
 279   1          {
 280   2              modbus.byte_info_H = rs485.RX4_buf[modbus.rcv_value_addr];
 281   2              modbus.byte_info_L = rs485.RX4_buf[modbus.rcv_value_addr + 1];
 282   2              switch (i)
 283   2              {
 284   3                      /*  40001  底板加热                      */
 285   3                  case 0x00:                  
 286   3                      dc_ctrl.board_alarm_temp = modbus.byte_info_H;                                   
 287   3                      dc_ctrl.board_out_allow = modbus.byte_info_L;
 288   3                      break;
 289   3      
 290   3                  /*  40002     墨囊加热                              */
 291   3                  case 0x01:                                         
 292   3                      inksac_ctrl(modbus.byte_info_L);
 293   3      
 294   3                      break;
 295   3      
 296   3                  /*  40003    循环控制                         */
 297   3                  case 0x02:                                         
 298   3                      dc_ctrl.cir_start_time = ((modbus.byte_info_L >> 3) | ((modbus.byte_info_H & 0x01) << 5)) 
             -* 100;     
C51 COMPILER V9.60.7.0   MODBUS_RTU                                                        05/19/2025 16:57:42 PAGE 6   

 299   3                      dc_ctrl.cir_stop_time  = (modbus.byte_info_H >> 1) * 100;    
 300   3                      dc_ctrl.cir_level = modbus.byte_info_L & 0x07;            
 301   3                      pwm_ctrl(CIR_CTRL,dc_ctrl.cir_level);
 302   3                      break;  
 303   3                      
 304   3                  /*  40004  搅拌控制                   */
 305   3                  case 0x03:   
 306   3                      dc_ctrl.stir_start_time = ((modbus.byte_info_L >> 3) | ((modbus.byte_info_H & 0x01) << 5))
             - * 100;  
 307   3                      dc_ctrl.stir_stop_time  = (modbus.byte_info_H >> 1) * 100;   
 308   3                      dc_ctrl.stir_level = modbus.byte_info_L & 0x07;
 309   3                      pwm_ctrl(STIR_CTRL,dc_ctrl.stir_level);
 310   3      
 311   3                      break;
 312   3      
 313   3                  /*  40005  缺墨延时时间                   */
 314   3                  case 0x04:                                         
 315   3                      level.level_delay = modbus.byte_info_L * 100;
 316   3      
 317   3                      break;
 318   3      
 319   3                  default:
 320   3                      break;
 321   3              }
 322   2              modbus.rcv_value_addr += 2;         //从Value1_H →→ 从Value2_H
 323   2          }
 324   1      
 325   1          slave_to_master(0x10,8);
 326   1      }
 327          
 328          
 329          
 330          /**
 331           * @brief       从机回复主机
 332           *  
 333           * @param   code_num:功能码       
 334           * @param   length:数据长度        
 335           * 
 336            @return  crc16:crc校验的值 2byte
 337           */
 338          void slave_to_master(uint8_t code_num,uint8_t length)
 339          {
 340   1          uint16_t crc;
 341   1      
 342   1          switch (code_num)
 343   1          {
 344   2              case 0x03:
 345   2                  crc = MODBUS_CRC16(rs485.TX4_buf,length);
 346   2      
 347   2                  rs485.TX4_buf[length+1] = crc;                 //CRC H
 348   2                  rs485.TX4_buf[length] = crc>>8;            //CRC L
 349   2      
 350   2                  rs485.TX4_send_bytelength = length + 2;
 351   2                  
 352   2                  break;
 353   2              case 0x04:
 354   2                  crc = MODBUS_CRC16(rs485.TX4_buf,length);
 355   2      
 356   2                  rs485.TX4_buf[length+1] = crc;                 //CRC H
 357   2                  rs485.TX4_buf[length] = crc>>8;            //CRC L
 358   2      
 359   2                  rs485.TX4_send_bytelength = length + 2;
C51 COMPILER V9.60.7.0   MODBUS_RTU                                                        05/19/2025 16:57:42 PAGE 7   

 360   2                  
 361   2                  break;    
 362   2      
 363   2              case 0x06:
 364   2                  memcpy(rs485.TX4_buf,rs485.RX4_buf,8);
 365   2      
 366   2                  rs485.TX4_send_bytelength = length;
 367   2                  
 368   2                  break;   
 369   2      
 370   2              case 0x10:
 371   2                  memcpy(rs485.TX4_buf,rs485.RX4_buf,6);
 372   2              
 373   2                  crc = MODBUS_CRC16(rs485.TX4_buf,6);
 374   2      
 375   2                  rs485.TX4_buf[7] = crc;                 //CRC H
 376   2                  rs485.TX4_buf[6] = crc>>8;              //CRC L
 377   2              
 378   2                  rs485.TX4_send_bytelength = length;
 379   2                  
 380   2                  break;         
 381   2      
 382   2              default:
 383   2                  break;
 384   2          }
 385   1      
 386   1          DR4 = 1;                                 //485可以发送
 387   1          delay_ms(2);
 388   1          S4CON |= S4TI;                              //开始发送
 389   1          delay_ms(1);
 390   1      }
 391          
 392          
 393          /**
 394           * @brief       crc校验函数
 395           * 
 396           * @param   buf：  Address(1 byte) +Funtion(1 byte) ）+Data(n byte)   
 397           * @param   length:数据长度           
 398           * 
 399            @return  crc16:crc校验的值 2byte
 400           */
 401          uint16_t MODBUS_CRC16(uint8_t *buf, uint8_t length)
 402          {
 403   1              uint8_t i;
 404   1              uint16_t        crc16;
 405   1      
 406   1          /* 1, 预置16位CRC寄存器为0xffff（即全为1）                          */
 407   1              crc16 = 0xffff; 
 408   1      
 409   1              do
 410   1              {
 411   2              /* 2, 把8位数据与16位CRC寄存器的低位相异或，把结果放于CRC寄存器     */    
             -    
 412   2                      crc16 ^= (uint16_t)*buf;                //
 413   2                      for(i=0; i<8; i++)              
 414   2                      {
 415   3                  /* 3, 如果最低位为1，把CRC寄存器的内容右移一位(朝低位)，用0填补最高
             -位 再异或0xA001    */
 416   3                              if(crc16 & 1)
 417   3                  {
 418   4                      crc16 = (crc16 >> 1) ^ 0xA001;
 419   4                  }
C51 COMPILER V9.60.7.0   MODBUS_RTU                                                        05/19/2025 16:57:42 PAGE 8   

 420   3                  /* 4, 如果最低位为0，把CRC寄存器的内容右移一位(朝低位)，用0填补最高
             -位                */
 421   3                  else
 422   3                  {
 423   4                      crc16 >>= 1;
 424   4                  }           
 425   3                      }
 426   2                      buf++;
 427   2              }while(--length != 0);
 428   1      
 429   1              return  (crc16);
 430   1      }


MODULE INFORMATION:   STATIC OVERLAYABLE
   CODE SIZE        =   1371    ----
   CONSTANT SIZE    =   ----    ----
   XDATA SIZE       =      7      10
   PDATA SIZE       =   ----    ----
   DATA SIZE        =   ----    ----
   IDATA SIZE       =   ----    ----
   BIT SIZE         =   ----    ----
END OF MODULE INFORMATION.


C51 COMPILATION COMPLETE.  0 WARNING(S),  0 ERROR(S)
